<html>
<body>
<pre>
<h1>µVision Build Log</h1>
<h2>Tool Versions:</h2>
IDE-Version: µVision V5.13.0.0
Copyright (C) 2014 ARM Ltd and ARM Germany GmbH. All rights reserved.
License Information: chris culpepper, na, LIC=----
 
Tool Versions:
Toolchain:       MDK-Lite  Version: 5.13.0.0
Toolchain Path:  C:\Keil_v5\ARM\ARMCC\Bin
C Compiler:      Armcc.exe V5.05 update 1 (build 106)
Assembler:       Armasm.exe V5.05 update 1 (build 106)
Linker/Locator:  ArmLink.exe V5.05 update 1 (build 106)
Library Manager: ArmAr.exe V5.05 update 1 (build 106)
Hex Converter:   FromElf.exe V5.05 update 1 (build 106)
CPU DLL:         SARMCM3.DLL V5.13.0.0
Dialog DLL:      DARMCM1.DLL V1.12.0.0
Target DLL:      Segger\JL2CM3.dll V2.99.11.0
Dialog DLL:      TARMCM1.DLL V1.9.0.0
 
<h2>Project:</h2>
C:\Users\chris\workspace\APRSDongle\software\hardwareRev1Soft\kl26test2.uvprojx
Project File Date:  08/11/2015

<h2>Output:</h2>
Rebuild target 'Target 1'
assembling startup_MKL26Z4.s...
compiling main.c...
main.c(88): warning:  #111-D: statement is unreachable
                if (bw == 11) {
main.c(93): warning:  #128-D: loop is not reachable
        for (;;);
main.c(94): warning:  #128-D: loop is not reachable
        for (;;){
main.c(112): warning:  #128-D: loop is not reachable
        for (;;);
main.c(116): warning:  #111-D: statement is unreachable
        startPIT0(toggle, 24000000);
main.c(153): warning:  #111-D: statement is unreachable
        c = 0;
main.c(164): warning:  #61-D: integer operation result is out of range
        PTE->PDDR &= ~ (uint32_t) (1 << 31);
main.c: 7 warnings, 0 errors
compiling PIT.c...
compiling uart0.c...
compiling uart2.c...
compiling queue.c...
queue.c(60): warning:  #167-D: argument of type "volatile QRecStruct *" is incompatible with parameter of type "void *"
        free(q);
queue.c: 1 warning, 0 errors
compiling i2c.c...
i2c.c(71): warning:  #550-D: variable "ret" was set but never used
        int ret;
i2c.c(126): warning:  #940-D: missing return statement at end of non-void function "i2cFlashWrite"
  }
i2c.c: 2 warnings, 0 errors
compiling delay.c...
compiling dra.c...
compiling gps.c...
gps.c(136): warning:  #68-D: integer conversion resulted in a change of sign
        return -3;  /* Not good, cannot get a good recieve. */ 
gps.c: 1 warning, 0 errors
compiling uart1.c...
compiling ff.c...
compiling sdmm.c...
ffs\sdmm.c(96): warning:  #550-D: variable "t" was set but never used
        char t;
ffs\sdmm.c: 1 warning, 0 errors
linking...
Program Size: Code=9564 RO-data=352 RW-data=156 ZI-data=6068  
FromELF: creating hex file...
".\Objects\kl26test2.axf" - 0 Error(s), 12 Warning(s).

<h2>Collection of Component include folders:</h2>
  C:\Users\chris\workspace\APRSDongle\software\hardwareRev1Soft\RTE
  C:\Keil_v5\ARM\PACK\Keil\Kinetis_KLxx_DFP\1.4.0\Device\Include

<h2>Collection of Component Files used:</h2>
</pre>
</body>
</html>
