Component: ARM Compiler 5.05 update 1 (build 106) Tool: armlink [4d0efa]

==============================================================================

Section Cross References

    cpu.o(i.Cpu_INT_NMIInterrupt) refers to events.o(i.Cpu_OnNMIINT) for Cpu_OnNMIINT
    cpu.o(i.PE_low_level_init) refers to bitioldd1.o(i.BitIoLdd1_Init) for BitIoLdd1_Init
    cpu.o(i.PE_low_level_init) refers to bitioldd1.o(i.BitIoLdd1_SetVal) for BitIoLdd1_SetVal
    cpu.o(i.PE_low_level_init) refers to da1.o(i.DA1_Init) for DA1_Init
    cpu.o(i.PE_low_level_init) refers to ti1.o(i.TI1_Init) for TI1_Init
    cpu.o(i.PE_low_level_init) refers to pe_ldd.o(.bss) for PE_LDD_DeviceDataList
    cpu.o(i.__init_hardware) refers to vectors.o(.vectortable) for __vect_table
    events.o(i.TI1InterruptHand) refers to ax25.o(i.ax25TimerIntHand) for ax25TimerIntHand
    vectors.o(.vectortable) refers to startup_arm_cc.o(.emb_text) for __thumb_startup
    vectors.o(.vectortable) refers to cpu.o(i.Cpu_INT_NMIInterrupt) for Cpu_INT_NMIInterrupt
    vectors.o(.vectortable) refers to cpu.o(i.Cpu_Interrupt) for Cpu_Interrupt
    vectors.o(.vectortable) refers to tu1.o(i.TU1_Interrupt) for TU1_Interrupt
    main.o(i.main) refers to cpu.o(i.PE_low_level_init) for PE_low_level_init
    main.o(i.main) refers to ax25.o(i.ax25Send) for ax25Send
    main.o(i.main) refers to da1.o(i.DA1_Init) for DA1_Init
    main.o(i.main) refers to wait1.o(i.WAIT1_WaitCycles) for WAIT1_WaitCycles
    main.o(i.main) refers to pe_ldd.o(.bss) for PE_LDD_DeviceDataList
    main.o(i.main) refers to main.o(.data) for MyDacPtr
    startup_arm_cc.o(.emb_text) refers to cpu.o(i.__init_hardware) for __init_hardware
    startup_arm_cc.o(.emb_text) refers to __main.o(!!!main) for __main
    bitioldd1.o(i.BitIoLdd1_Init) refers to bitioldd1.o(.data) for DeviceDataPrv__DEFAULT_RTOS_ALLOC
    bitioldd1.o(i.BitIoLdd1_Init) refers to pe_ldd.o(.bss) for PE_LDD_DeviceDataList
    led1.o(i.LED1_SetRatio16) refers to bitioldd1.o(i.BitIoLdd1_SetVal) for BitIoLdd1_SetVal
    led1.o(i.LED1_SetRatio16) refers to bitioldd1.o(i.BitIoLdd1_ClrVal) for BitIoLdd1_ClrVal
    led1.o(i.LED1_SetRatio16) refers to pe_ldd.o(.bss) for PE_LDD_DeviceDataList
    wait1.o(i.WAIT1_WaitCycles) refers to wait1.o(.emb_text) for WAIT1_Wait100Cycles
    wait1.o(i.WAIT1_WaitCycles) refers to wait1.o(i.WAIT1_Wait10Cycles) for WAIT1_Wait10Cycles
    wait1.o(i.WAIT1_WaitLongCycles) refers to wait1.o(i.WAIT1_WaitCycles) for WAIT1_WaitCycles
    wait1.o(i.WAIT1_Waitms) refers to wait1.o(i.WAIT1_WaitLongCycles) for WAIT1_WaitLongCycles
    da1.o(i.DA1_Init) refers to da1.o(.data) for DeviceDataPtr__DEFAULT_RTOS_ALLOC
    da1.o(i.DA1_Init) refers to pe_ldd.o(.bss) for PE_LDD_DeviceDataList
    ti1.o(i.TI1_Disable) refers to tu1.o(i.TU1_Disable) for TU1_Disable
    ti1.o(i.TI1_Enable) refers to tu1.o(i.TU1_Enable) for TU1_Enable
    ti1.o(i.TI1_Init) refers to tu1.o(i.TU1_Init) for TU1_Init
    ti1.o(i.TI1_Init) refers to ti1.o(.bss) for DeviceDataPrv__DEFAULT_RTOS_ALLOC
    ti1.o(i.TI1_Init) refers to pe_ldd.o(.bss) for PE_LDD_DeviceDataList
    ti1.o(i.TI1_SetOperationMode) refers to tu1.o(i.TU1_SetOperationMode) for TU1_SetOperationMode
    ti1.o(i.TU1_OnCounterRestart) refers to events.o(i.TI1InterruptHand) for TI1InterruptHand
    ti1.o(i.TU1_OnCounterRestart) refers to pe_ldd.o(.bss) for PE_LDD_DeviceDataList
    tu1.o(i.TU1_Init) refers to pe_ldd.o(.bss) for PE_LDD_DeviceDataList
    tu1.o(i.TU1_Init) refers to tu1.o(.data) for DeviceDataPrv__DEFAULT_RTOS_ALLOC
    tu1.o(i.TU1_Interrupt) refers to ti1.o(i.TU1_OnCounterRestart) for TU1_OnCounterRestart
    tu1.o(i.TU1_Interrupt) refers to tu1.o(.data) for INT_LPTimer__DEFAULT_RTOS_ISRPARAM
    ax25.o(i.ax25Send) refers to da1.o(i.DA1_SetValue) for DA1_SetValue
    ax25.o(i.ax25Send) refers to ax25.o(i.ax25TimerInit) for ax25TimerInit
    ax25.o(i.ax25Send) refers to aeabi_sdiv.o(.text) for __aeabi_uidivmod
    ax25.o(i.ax25Send) refers to wait1.o(i.WAIT1_Waitms) for WAIT1_Waitms
    ax25.o(i.ax25Send) refers to wait1.o(i.WAIT1_Wait10Cycles) for WAIT1_Wait10Cycles
    ax25.o(i.ax25Send) refers to wait1.o(i.WAIT1_WaitCycles) for WAIT1_WaitCycles
    ax25.o(i.ax25Send) refers to ax25.o(.data) for ax25CurrBit
    ax25.o(i.ax25Send) refers to ax25.o(.constdata) for SinusOutputData
    ax25.o(i.ax25TimerInit) refers to ti1.o(i.TI1_Enable) for TI1_Enable
    ax25.o(i.ax25TimerInit) refers to pe_ldd.o(.bss) for PE_LDD_DeviceDataList
    ax25.o(i.ax25TimerIntHand) refers to ax25.o(.data) for ax25CurrBit
    __main.o(!!!main) refers to __rtentry.o(.ARM.Collect$$rtentry$$00000000) for __rt_entry
    __rtentry.o(.ARM.Collect$$rtentry$$00000000) refers (Special) to __rtentry2.o(.ARM.Collect$$rtentry$$0000000A) for __rt_entry_li
    __rtentry.o(.ARM.Collect$$rtentry$$00000000) refers (Special) to __rtentry2.o(.ARM.Collect$$rtentry$$0000000D) for __rt_entry_main
    __rtentry.o(.ARM.Collect$$rtentry$$00000000) refers (Special) to __rtentry2.o(.ARM.Collect$$rtentry$$0000000C) for __rt_entry_postli_1
    __rtentry.o(.ARM.Collect$$rtentry$$00000000) refers (Special) to __rtentry2.o(.ARM.Collect$$rtentry$$00000009) for __rt_entry_postsh_1
    __rtentry.o(.ARM.Collect$$rtentry$$00000000) refers (Special) to __rtentry2.o(.ARM.Collect$$rtentry$$00000002) for __rt_entry_presh_1
    __rtentry.o(.ARM.Collect$$rtentry$$00000000) refers (Special) to __rtentry7.o(.ARM.Collect$$rtentry$$00000007) for __rt_entry_sh
    aeabi_idiv0_sigfpe.o(.text) refers to rt_div0.o(.text) for __rt_div0
    __rtentry2.o(.ARM.Collect$$rtentry$$00000008) refers to boardinit2.o(.text) for _platform_post_stackheap_init
    __rtentry2.o(.ARM.Collect$$rtentry$$0000000A) refers to libinit.o(.ARM.Collect$$libinit$$00000000) for __rt_lib_init
    __rtentry2.o(.ARM.Collect$$rtentry$$0000000B) refers to boardinit3.o(.text) for _platform_post_lib_init
    __rtentry2.o(.ARM.Collect$$rtentry$$0000000D) refers to main.o(i.main) for main
    __rtentry2.o(.ARM.Collect$$rtentry$$0000000D) refers to exit.o(.text) for exit
    __rtentry2.o(.ARM.exidx) refers to __rtentry2.o(.ARM.Collect$$rtentry$$00000001) for .ARM.Collect$$rtentry$$00000001
    __rtentry2.o(.ARM.exidx) refers to __rtentry2.o(.ARM.Collect$$rtentry$$00000008) for .ARM.Collect$$rtentry$$00000008
    __rtentry2.o(.ARM.exidx) refers to __rtentry2.o(.ARM.Collect$$rtentry$$0000000A) for .ARM.Collect$$rtentry$$0000000A
    __rtentry2.o(.ARM.exidx) refers to __rtentry2.o(.ARM.Collect$$rtentry$$0000000B) for .ARM.Collect$$rtentry$$0000000B
    __rtentry2.o(.ARM.exidx) refers to __rtentry2.o(.ARM.Collect$$rtentry$$0000000D) for .ARM.Collect$$rtentry$$0000000D
    __rtentry4.o(.ARM.Collect$$rtentry$$00000004) refers to sys_stackheap_outer.o(.text) for __user_setup_stackheap
    __rtentry4.o(.ARM.exidx) refers to __rtentry4.o(.ARM.Collect$$rtentry$$00000004) for .ARM.Collect$$rtentry$$00000004
    __rtentry7.o(.ARM.Collect$$rtentry$$00000007) refers to __rtentry7.o(.ARM.Collect$$rtentry$$00002718) for __lit__00000000
    __rtentry7.o(__vectab_stack_and_reset_2_area) refers to __main.o(!!!main) for __main
    __rtentry7.o(.ARM.exidx) refers to __rtentry7.o(.ARM.Collect$$rtentry$$00000007) for .ARM.Collect$$rtentry$$00000007
    __rtentry7.o(.ARM.exidx) refers to __rtentry7.o(.ARM.Collect$$rtentry$$00002718) for .ARM.Collect$$rtentry$$00002718
    rt_div0.o(.text) refers to defsig_fpe_outer.o(.text) for __rt_SIGFPE
    sys_stackheap_outer.o(.text) refers to libspace.o(.text) for __user_perproc_libspace
    sys_stackheap_outer.o(.text) refers to sys_stackheap.o(.text) for __user_initial_stackheap
    sys_stackheap_outer.o(__vectab_stack_and_reset_area) refers to tempstk.o(.text) for __temporary_stack_top
    sys_stackheap_outer.o(__vectab_stack_and_reset_area) refers to __main.o(!!!main) for __main
    exit.o(.text) refers to rtexit.o(.ARM.Collect$$rtexit$$00000000) for __rt_exit
    defsig_fpe_outer.o(.text) refers to defsig_fpe_inner.o(.text) for __rt_SIGFPE_inner
    defsig_fpe_outer.o(.text) refers to defsig_exit.o(.text) for __sig_exit
    defsig_fpe_formal.o(.text) refers to rt_raise.o(.text) for __rt_raise
    libinit.o(.ARM.Collect$$libinit$$00000000) refers (Special) to libinit2.o(.ARM.Collect$$libinit$$0000002E) for __rt_lib_init_alloca_1
    libinit.o(.ARM.Collect$$libinit$$00000000) refers (Special) to libinit2.o(.ARM.Collect$$libinit$$0000002C) for __rt_lib_init_argv_1
    libinit.o(.ARM.Collect$$libinit$$00000000) refers (Special) to libinit2.o(.ARM.Collect$$libinit$$0000001B) for __rt_lib_init_atexit_1
    libinit.o(.ARM.Collect$$libinit$$00000000) refers (Special) to libinit2.o(.ARM.Collect$$libinit$$00000021) for __rt_lib_init_clock_1
    libinit.o(.ARM.Collect$$libinit$$00000000) refers (Special) to libinit2.o(.ARM.Collect$$libinit$$00000032) for __rt_lib_init_cpp_1
    libinit.o(.ARM.Collect$$libinit$$00000000) refers (Special) to libinit2.o(.ARM.Collect$$libinit$$00000030) for __rt_lib_init_exceptions_1
    libinit.o(.ARM.Collect$$libinit$$00000000) refers (Special) to libinit2.o(.ARM.Collect$$libinit$$00000002) for __rt_lib_init_fp_1
    libinit.o(.ARM.Collect$$libinit$$00000000) refers (Special) to libinit2.o(.ARM.Collect$$libinit$$0000001F) for __rt_lib_init_fp_trap_1
    libinit.o(.ARM.Collect$$libinit$$00000000) refers (Special) to libinit2.o(.ARM.Collect$$libinit$$00000023) for __rt_lib_init_getenv_1
    libinit.o(.ARM.Collect$$libinit$$00000000) refers (Special) to libinit2.o(.ARM.Collect$$libinit$$0000000A) for __rt_lib_init_heap_1
    libinit.o(.ARM.Collect$$libinit$$00000000) refers (Special) to libinit2.o(.ARM.Collect$$libinit$$00000011) for __rt_lib_init_lc_collate_1
    libinit.o(.ARM.Collect$$libinit$$00000000) refers (Special) to libinit2.o(.ARM.Collect$$libinit$$00000013) for __rt_lib_init_lc_ctype_1
    libinit.o(.ARM.Collect$$libinit$$00000000) refers (Special) to libinit2.o(.ARM.Collect$$libinit$$00000015) for __rt_lib_init_lc_monetary_1
    libinit.o(.ARM.Collect$$libinit$$00000000) refers (Special) to libinit2.o(.ARM.Collect$$libinit$$00000017) for __rt_lib_init_lc_numeric_1
    libinit.o(.ARM.Collect$$libinit$$00000000) refers (Special) to libinit2.o(.ARM.Collect$$libinit$$00000019) for __rt_lib_init_lc_time_1
    libinit.o(.ARM.Collect$$libinit$$00000000) refers (Special) to libinit2.o(.ARM.Collect$$libinit$$00000004) for __rt_lib_init_preinit_1
    libinit.o(.ARM.Collect$$libinit$$00000000) refers (Special) to libinit2.o(.ARM.Collect$$libinit$$0000000E) for __rt_lib_init_rand_1
    libinit.o(.ARM.Collect$$libinit$$00000000) refers (Special) to libinit2.o(.ARM.Collect$$libinit$$00000033) for __rt_lib_init_return
    libinit.o(.ARM.Collect$$libinit$$00000000) refers (Special) to libinit2.o(.ARM.Collect$$libinit$$0000001D) for __rt_lib_init_signal_1
    libinit.o(.ARM.Collect$$libinit$$00000000) refers (Special) to libinit2.o(.ARM.Collect$$libinit$$00000025) for __rt_lib_init_stdio_1
    libinit.o(.ARM.Collect$$libinit$$00000000) refers (Special) to libinit2.o(.ARM.Collect$$libinit$$0000000C) for __rt_lib_init_user_alloc_1
    libspace.o(.text) refers to libspace.o(.bss) for __libspace_start
    sys_stackheap.o(.text) refers (Special) to indicate_semi.o(.text) for __semihosting_library_function
    sys_stackheap.o(.text) refers to use_no_semi.o(.text) for __I$use$semihosting
    rtexit.o(.ARM.Collect$$rtexit$$00000000) refers (Special) to rtexit2.o(.ARM.Collect$$rtexit$$00000004) for __rt_exit_exit
    rtexit.o(.ARM.Collect$$rtexit$$00000000) refers (Special) to rtexit2.o(.ARM.Collect$$rtexit$$00000003) for __rt_exit_ls
    rtexit.o(.ARM.Collect$$rtexit$$00000000) refers (Special) to rtexit2.o(.ARM.Collect$$rtexit$$00000002) for __rt_exit_prels_1
    rtexit.o(.ARM.exidx) refers (Special) to rtexit2.o(.ARM.Collect$$rtexit$$00000004) for __rt_exit_exit
    rtexit.o(.ARM.exidx) refers (Special) to rtexit2.o(.ARM.Collect$$rtexit$$00000003) for __rt_exit_ls
    rtexit.o(.ARM.exidx) refers (Special) to rtexit2.o(.ARM.Collect$$rtexit$$00000002) for __rt_exit_prels_1
    rtexit.o(.ARM.exidx) refers to rtexit.o(.ARM.Collect$$rtexit$$00000000) for .ARM.Collect$$rtexit$$00000000
    rt_raise.o(.text) refers to __raise.o(.text) for __raise
    rt_raise.o(.text) refers to sys_exit.o(.text) for _sys_exit
    defsig_exit.o(.text) refers to sys_exit.o(.text) for _sys_exit
    defsig_fpe_inner.o(.text) refers to defsig_general.o(.text) for __default_signal_display
    libinit2.o(.ARM.Collect$$libinit$$00000010) refers to libinit2.o(.ARM.Collect$$libinit$$0000000F) for .ARM.Collect$$libinit$$0000000F
    libinit2.o(.ARM.Collect$$libinit$$00000012) refers to libinit2.o(.ARM.Collect$$libinit$$0000000F) for .ARM.Collect$$libinit$$0000000F
    libinit2.o(.ARM.Collect$$libinit$$00000014) refers to libinit2.o(.ARM.Collect$$libinit$$0000000F) for .ARM.Collect$$libinit$$0000000F
    libinit2.o(.ARM.Collect$$libinit$$00000016) refers to libinit2.o(.ARM.Collect$$libinit$$0000000F) for .ARM.Collect$$libinit$$0000000F
    libinit2.o(.ARM.Collect$$libinit$$00000018) refers to libinit2.o(.ARM.Collect$$libinit$$0000000F) for .ARM.Collect$$libinit$$0000000F
    libinit2.o(.ARM.Collect$$libinit$$00000026) refers to argv_veneer.o(.text) for __ARM_argv_veneer
    libinit2.o(.ARM.Collect$$libinit$$00000027) refers to argv_veneer.o(.text) for __ARM_argv_veneer
    libinit5.o(.ARM.Collect$$libinit$$00000008) refers to libinit5.o(.ARM.Collect$$libinit$$00002719) for __lit__00000000
    libinit5.o(.ARM.Collect$$libinit$$0000002A) refers to libinit5.o(.ARM.Collect$$libinit$$0000273B) for __lit__00000002
    libinit5.o(.ARM.Collect$$libinit$$0000002A) refers to argv_veneer.o(.text) for __ARM_argv_veneer
    sys_exit.o(.text) refers (Special) to use_no_semi.o(.text) for __I$use$semihosting
    sys_exit.o(.text) refers (Special) to indicate_semi.o(.text) for __semihosting_library_function
    rtexit2.o(.ARM.Collect$$rtexit$$00000003) refers to libshutdown.o(.ARM.Collect$$libshutdown$$00000000) for __rt_lib_shutdown
    rtexit2.o(.ARM.Collect$$rtexit$$00000004) refers to sys_exit.o(.text) for _sys_exit
    rtexit2.o(.ARM.exidx) refers to rtexit2.o(.ARM.Collect$$rtexit$$00000001) for .ARM.Collect$$rtexit$$00000001
    rtexit2.o(.ARM.exidx) refers to rtexit2.o(.ARM.Collect$$rtexit$$00000003) for .ARM.Collect$$rtexit$$00000003
    rtexit2.o(.ARM.exidx) refers to rtexit2.o(.ARM.Collect$$rtexit$$00000004) for .ARM.Collect$$rtexit$$00000004
    __raise.o(.text) refers to defsig.o(CL$$defsig) for __default_signal_handler
    defsig_general.o(.text) refers to sys_wrch.o(.text) for _ttywrch
    sys_wrch.o(.text) refers (Special) to use_no_semi.o(.text) for __I$use$semihosting
    sys_wrch.o(.text) refers (Special) to indicate_semi.o(.text) for __semihosting_library_function
    defsig.o(CL$$defsig) refers to defsig_fpe_inner.o(.text) for __rt_SIGFPE_inner
    defsig.o(CL$$defsig) refers to defsig_rtmem_inner.o(.text) for __rt_SIGRTMEM_inner
    _get_argv_nomalloc.o(.text) refers (Special) to hrguard.o(.text) for __heap_region$guard
    _get_argv_nomalloc.o(.text) refers to defsig_rtmem_outer.o(.text) for __rt_SIGRTMEM
    _get_argv_nomalloc.o(.text) refers to sys_command.o(.text) for _sys_command_string
    libshutdown.o(.ARM.Collect$$libshutdown$$00000000) refers (Special) to libshutdown2.o(.ARM.Collect$$libshutdown$$00000006) for __rt_lib_shutdown_fp_trap_1
    libshutdown.o(.ARM.Collect$$libshutdown$$00000000) refers (Special) to libshutdown2.o(.ARM.Collect$$libshutdown$$0000000E) for __rt_lib_shutdown_heap_1
    libshutdown.o(.ARM.Collect$$libshutdown$$00000000) refers (Special) to libshutdown2.o(.ARM.Collect$$libshutdown$$0000000F) for __rt_lib_shutdown_return
    libshutdown.o(.ARM.Collect$$libshutdown$$00000000) refers (Special) to libshutdown2.o(.ARM.Collect$$libshutdown$$00000009) for __rt_lib_shutdown_signal_1
    libshutdown.o(.ARM.Collect$$libshutdown$$00000000) refers (Special) to libshutdown2.o(.ARM.Collect$$libshutdown$$00000003) for __rt_lib_shutdown_stdio_1
    libshutdown.o(.ARM.Collect$$libshutdown$$00000000) refers (Special) to libshutdown2.o(.ARM.Collect$$libshutdown$$0000000B) for __rt_lib_shutdown_user_alloc_1
    sys_command.o(.text) refers (Special) to use_no_semi.o(.text) for __I$use$semihosting
    sys_command.o(.text) refers (Special) to indicate_semi.o(.text) for __semihosting_library_function
    defsig_abrt_inner.o(.text) refers to defsig_general.o(.text) for __default_signal_display
    defsig_rtred_inner.o(.text) refers to defsig_general.o(.text) for __default_signal_display
    defsig_rtmem_inner.o(.text) refers to defsig_general.o(.text) for __default_signal_display
    defsig_rtmem_outer.o(.text) refers to defsig_rtmem_inner.o(.text) for __rt_SIGRTMEM_inner
    defsig_rtmem_outer.o(.text) refers to defsig_exit.o(.text) for __sig_exit
    defsig_rtmem_formal.o(.text) refers to rt_raise.o(.text) for __rt_raise
    defsig_stak_inner.o(.text) refers to defsig_general.o(.text) for __default_signal_display
    defsig_pvfn_inner.o(.text) refers to defsig_general.o(.text) for __default_signal_display
    defsig_cppl_inner.o(.text) refers to defsig_general.o(.text) for __default_signal_display
    defsig_segv_inner.o(.text) refers to defsig_general.o(.text) for __default_signal_display
    defsig_other.o(.text) refers to defsig_general.o(.text) for __default_signal_display


==============================================================================

Removing Unused input sections from the image.

    Removing cpu.o(.emb_text), (28 bytes).
    Removing cpu.o(i.Cpu_DisableInt), (8 bytes).
    Removing cpu.o(i.Cpu_EnableInt), (8 bytes).
    Removing cpu.o(.data), (2 bytes).
    Removing pe_ldd.o(i.LDD_SetClockConfiguration), (2 bytes).
    Removing pe_ldd.o(i.PE_FillMemory), (24 bytes).
    Removing pe_ldd.o(i.PE_PeripheralUsed), (52 bytes).
    Removing pe_ldd.o(.constdata), (40 bytes).
    Removing startup_arm_cc.o(i.__init_hardware), (2 bytes).
    Removing bitioldd1.o(i.BitIoLdd1_ClrVal), (16 bytes).
    Removing bitioldd1.o(i.BitIoLdd1_GetVal), (32 bytes).
    Removing bitioldd1.o(i.BitIoLdd1_NegVal), (16 bytes).
    Removing bitioldd1.o(i.BitIoLdd1_PutVal), (28 bytes).
    Removing led1.o(i.LED1_Deinit), (2 bytes).
    Removing led1.o(i.LED1_SetRatio16), (40 bytes).
    Removing ti1.o(i.TI1_Disable), (26 bytes).
    Removing ti1.o(i.TI1_GetDriverState), (22 bytes).
    Removing ti1.o(i.TI1_SetOperationMode), (32 bytes).
    Removing tu1.o(i.TU1_Disable), (24 bytes).
    Removing tu1.o(i.TU1_SetOperationMode), (84 bytes).

20 unused section(s) (total 488 bytes) removed from the image.

==============================================================================

Image Symbol Table

    Local Symbols

    Symbol Name                              Value     Ov Type        Size  Object(Section)

    .vectortable                             0x00000000   Section      192  vectors.o(.vectortable)
    ../clib/angel/boardlib.s                 0x00000000   Number         0  boardinit1.o ABSOLUTE
    ../clib/angel/boardlib.s                 0x00000000   Number         0  boardinit2.o ABSOLUTE
    ../clib/angel/boardlib.s                 0x00000000   Number         0  boardinit3.o ABSOLUTE
    ../clib/angel/boardlib.s                 0x00000000   Number         0  boardshut.o ABSOLUTE
    ../clib/angel/handlers.s                 0x00000000   Number         0  __scatter_copy.o ABSOLUTE
    ../clib/angel/handlers.s                 0x00000000   Number         0  __scatter_zi.o ABSOLUTE
    ../clib/angel/kernel.s                   0x00000000   Number         0  rtexit.o ABSOLUTE
    ../clib/angel/kernel.s                   0x00000000   Number         0  __rtentry7.o ABSOLUTE
    ../clib/angel/kernel.s                   0x00000000   Number         0  __rtentry4.o ABSOLUTE
    ../clib/angel/kernel.s                   0x00000000   Number         0  __rtentry2.o ABSOLUTE
    ../clib/angel/kernel.s                   0x00000000   Number         0  rtexit2.o ABSOLUTE
    ../clib/angel/kernel.s                   0x00000000   Number         0  __rtentry.o ABSOLUTE
    ../clib/angel/rt.s                       0x00000000   Number         0  aeabi_idiv0_sigfpe.o ABSOLUTE
    ../clib/angel/rt.s                       0x00000000   Number         0  rt_raise.o ABSOLUTE
    ../clib/angel/rt.s                       0x00000000   Number         0  rt_div0.o ABSOLUTE
    ../clib/angel/rt.s                       0x00000000   Number         0  aeabi_idiv0.o ABSOLUTE
    ../clib/angel/scatterp.s                 0x00000000   Number         0  __scatter.o ABSOLUTE
    ../clib/angel/startup.s                  0x00000000   Number         0  __main.o ABSOLUTE
    ../clib/angel/sys.s                      0x00000000   Number         0  use_no_semi.o ABSOLUTE
    ../clib/angel/sys.s                      0x00000000   Number         0  sys_stackheap_outer.o ABSOLUTE
    ../clib/angel/sys.s                      0x00000000   Number         0  sys_stackheap.o ABSOLUTE
    ../clib/angel/sys.s                      0x00000000   Number         0  indicate_semi.o ABSOLUTE
    ../clib/angel/sys.s                      0x00000000   Number         0  tempstk.o ABSOLUTE
    ../clib/angel/sys.s                      0x00000000   Number         0  libspace.o ABSOLUTE
    ../clib/angel/sysapp.c                   0x00000000   Number         0  sys_wrch.o ABSOLUTE
    ../clib/angel/sysapp.c                   0x00000000   Number         0  sys_exit.o ABSOLUTE
    ../clib/angel/sysapp.c                   0x00000000   Number         0  sys_command.o ABSOLUTE
    ../clib/armsys.c                         0x00000000   Number         0  _get_argv_nomalloc.o ABSOLUTE
    ../clib/armsys.c                         0x00000000   Number         0  argv_veneer.o ABSOLUTE
    ../clib/armsys.c                         0x00000000   Number         0  no_argv.o ABSOLUTE
    ../clib/division.s                       0x00000000   Number         0  aeabi_sdiv.o ABSOLUTE
    ../clib/division.s                       0x00000000   Number         0  aeabi_sdiv_div0.o ABSOLUTE
    ../clib/heapalloc.c                      0x00000000   Number         0  hrguard.o ABSOLUTE
    ../clib/libinit.s                        0x00000000   Number         0  libinit.o ABSOLUTE
    ../clib/libinit.s                        0x00000000   Number         0  libinit2.o ABSOLUTE
    ../clib/libinit.s                        0x00000000   Number         0  libinit5.o ABSOLUTE
    ../clib/libinit.s                        0x00000000   Number         0  libshutdown2.o ABSOLUTE
    ../clib/libinit.s                        0x00000000   Number         0  libshutdown.o ABSOLUTE
    ../clib/signal.c                         0x00000000   Number         0  defsig_rtmem_formal.o ABSOLUTE
    ../clib/signal.c                         0x00000000   Number         0  defsig_fpe_inner.o ABSOLUTE
    ../clib/signal.c                         0x00000000   Number         0  defsig_rtmem_inner.o ABSOLUTE
    ../clib/signal.c                         0x00000000   Number         0  defsig_rtmem_outer.o ABSOLUTE
    ../clib/signal.c                         0x00000000   Number         0  defsig_general.o ABSOLUTE
    ../clib/signal.c                         0x00000000   Number         0  __raise.o ABSOLUTE
    ../clib/signal.c                         0x00000000   Number         0  defsig_fpe_outer.o ABSOLUTE
    ../clib/signal.c                         0x00000000   Number         0  defsig_exit.o ABSOLUTE
    ../clib/signal.c                         0x00000000   Number         0  defsig_segv_inner.o ABSOLUTE
    ../clib/signal.c                         0x00000000   Number         0  defsig_other.o ABSOLUTE
    ../clib/signal.c                         0x00000000   Number         0  defsig_rtred_inner.o ABSOLUTE
    ../clib/signal.c                         0x00000000   Number         0  defsig_cppl_inner.o ABSOLUTE
    ../clib/signal.c                         0x00000000   Number         0  defsig_pvfn_inner.o ABSOLUTE
    ../clib/signal.c                         0x00000000   Number         0  defsig_stak_inner.o ABSOLUTE
    ../clib/signal.c                         0x00000000   Number         0  defsig_abrt_inner.o ABSOLUTE
    ../clib/signal.c                         0x00000000   Number         0  defsig_fpe_formal.o ABSOLUTE
    ../clib/signal.s                         0x00000000   Number         0  defsig.o ABSOLUTE
    ../clib/stdlib.c                         0x00000000   Number         0  exit.o ABSOLUTE
    ../fplib/cfplib/fpinit.c                 0x00000000   Number         0  fpinit.o ABSOLUTE
    Generated_Code\BitIoLdd1.c               0x00000000   Number         0  bitioldd1.o ABSOLUTE
    Generated_Code\CS1.c                     0x00000000   Number         0  cs1.o ABSOLUTE
    Generated_Code\Cpu.c                     0x00000000   Number         0  cpu.o ABSOLUTE
    Generated_Code\DA1.c                     0x00000000   Number         0  da1.o ABSOLUTE
    Generated_Code\LED1.c                    0x00000000   Number         0  led1.o ABSOLUTE
    Generated_Code\LEDpin1.c                 0x00000000   Number         0  ledpin1.o ABSOLUTE
    Generated_Code\PE_LDD.c                  0x00000000   Number         0  pe_ldd.o ABSOLUTE
    Generated_Code\TI1.c                     0x00000000   Number         0  ti1.o ABSOLUTE
    Generated_Code\TU1.c                     0x00000000   Number         0  tu1.o ABSOLUTE
    Generated_Code\Vectors.c                 0x00000000   Number         0  vectors.o ABSOLUTE
    Generated_Code\WAIT1.c                   0x00000000   Number         0  wait1.o ABSOLUTE
    Generated_Code\\Cpu.c                    0x00000000   Number         0  cpu.o ABSOLUTE
    Generated_Code\\WAIT1.c                  0x00000000   Number         0  wait1.o ABSOLUTE
    Generated_Code\ax25.c                    0x00000000   Number         0  ax25.o ABSOLUTE
    Project_Settings\Startup_Code\startup_ARM_CC.c 0x00000000   Number         0  startup_arm_cc.o ABSOLUTE
    Project_Settings\\Startup_Code\\startup_ARM_CC.c 0x00000000   Number         0  startup_arm_cc.o ABSOLUTE
    Sources\Events.c                         0x00000000   Number         0  events.o ABSOLUTE
    Sources\main.c                           0x00000000   Number         0  main.o ABSOLUTE
    __tagsym$$used                           0x00000000   Number         0  vectors.o(.vectortable)
    dc.s                                     0x00000000   Number         0  dc.o ABSOLUTE
    .cfmconfig                               0x00000400   Section       16  cpu.o(.cfmconfig)
    __tagsym$$used                           0x00000400   Number         0  cpu.o(.cfmconfig)
    !!!main                                  0x00000410   Section        8  __main.o(!!!main)
    !!!scatter                               0x00000418   Section       60  __scatter.o(!!!scatter)
    !!handler_copy                           0x00000454   Section       26  __scatter_copy.o(!!handler_copy)
    !!handler_zi                             0x00000470   Section       28  __scatter_zi.o(!!handler_zi)
    .ARM.Collect$$libinit$$00000000          0x0000048c   Section        2  libinit.o(.ARM.Collect$$libinit$$00000000)
    .ARM.Collect$$libinit$$00000002          0x0000048e   Section        0  libinit2.o(.ARM.Collect$$libinit$$00000002)
    .ARM.Collect$$libinit$$00000004          0x0000048e   Section        0  libinit2.o(.ARM.Collect$$libinit$$00000004)
    .ARM.Collect$$libinit$$0000000A          0x0000048e   Section        0  libinit2.o(.ARM.Collect$$libinit$$0000000A)
    .ARM.Collect$$libinit$$0000000C          0x0000048e   Section        0  libinit2.o(.ARM.Collect$$libinit$$0000000C)
    .ARM.Collect$$libinit$$0000000E          0x0000048e   Section        0  libinit2.o(.ARM.Collect$$libinit$$0000000E)
    .ARM.Collect$$libinit$$00000011          0x0000048e   Section        0  libinit2.o(.ARM.Collect$$libinit$$00000011)
    .ARM.Collect$$libinit$$00000013          0x0000048e   Section        0  libinit2.o(.ARM.Collect$$libinit$$00000013)
    .ARM.Collect$$libinit$$00000015          0x0000048e   Section        0  libinit2.o(.ARM.Collect$$libinit$$00000015)
    .ARM.Collect$$libinit$$00000017          0x0000048e   Section        0  libinit2.o(.ARM.Collect$$libinit$$00000017)
    .ARM.Collect$$libinit$$00000019          0x0000048e   Section        0  libinit2.o(.ARM.Collect$$libinit$$00000019)
    .ARM.Collect$$libinit$$0000001B          0x0000048e   Section        0  libinit2.o(.ARM.Collect$$libinit$$0000001B)
    .ARM.Collect$$libinit$$0000001D          0x0000048e   Section        0  libinit2.o(.ARM.Collect$$libinit$$0000001D)
    .ARM.Collect$$libinit$$0000001F          0x0000048e   Section        0  libinit2.o(.ARM.Collect$$libinit$$0000001F)
    .ARM.Collect$$libinit$$00000021          0x0000048e   Section        0  libinit2.o(.ARM.Collect$$libinit$$00000021)
    .ARM.Collect$$libinit$$00000023          0x0000048e   Section        0  libinit2.o(.ARM.Collect$$libinit$$00000023)
    .ARM.Collect$$libinit$$00000025          0x0000048e   Section        0  libinit2.o(.ARM.Collect$$libinit$$00000025)
    .ARM.Collect$$libinit$$0000002C          0x0000048e   Section        0  libinit2.o(.ARM.Collect$$libinit$$0000002C)
    .ARM.Collect$$libinit$$0000002E          0x0000048e   Section        0  libinit2.o(.ARM.Collect$$libinit$$0000002E)
    .ARM.Collect$$libinit$$00000030          0x0000048e   Section        0  libinit2.o(.ARM.Collect$$libinit$$00000030)
    .ARM.Collect$$libinit$$00000032          0x0000048e   Section        0  libinit2.o(.ARM.Collect$$libinit$$00000032)
    .ARM.Collect$$libinit$$00000033          0x0000048e   Section        2  libinit2.o(.ARM.Collect$$libinit$$00000033)
    .ARM.Collect$$libshutdown$$00000000      0x00000490   Section        2  libshutdown.o(.ARM.Collect$$libshutdown$$00000000)
    .ARM.Collect$$libshutdown$$00000003      0x00000492   Section        0  libshutdown2.o(.ARM.Collect$$libshutdown$$00000003)
    .ARM.Collect$$libshutdown$$00000006      0x00000492   Section        0  libshutdown2.o(.ARM.Collect$$libshutdown$$00000006)
    .ARM.Collect$$libshutdown$$00000009      0x00000492   Section        0  libshutdown2.o(.ARM.Collect$$libshutdown$$00000009)
    .ARM.Collect$$libshutdown$$0000000B      0x00000492   Section        0  libshutdown2.o(.ARM.Collect$$libshutdown$$0000000B)
    .ARM.Collect$$libshutdown$$0000000E      0x00000492   Section        0  libshutdown2.o(.ARM.Collect$$libshutdown$$0000000E)
    .ARM.Collect$$libshutdown$$0000000F      0x00000492   Section        2  libshutdown2.o(.ARM.Collect$$libshutdown$$0000000F)
    .ARM.Collect$$rtentry$$00000000          0x00000494   Section        0  __rtentry.o(.ARM.Collect$$rtentry$$00000000)
    .ARM.Collect$$rtentry$$00000002          0x00000494   Section        0  __rtentry2.o(.ARM.Collect$$rtentry$$00000002)
    .ARM.Collect$$rtentry$$00000007          0x00000494   Section        4  __rtentry7.o(.ARM.Collect$$rtentry$$00000007)
    .ARM.Collect$$rtentry$$00000009          0x00000498   Section        0  __rtentry2.o(.ARM.Collect$$rtentry$$00000009)
    .ARM.Collect$$rtentry$$0000000A          0x00000498   Section        4  __rtentry2.o(.ARM.Collect$$rtentry$$0000000A)
    .ARM.Collect$$rtentry$$0000000C          0x0000049c   Section        0  __rtentry2.o(.ARM.Collect$$rtentry$$0000000C)
    .ARM.Collect$$rtentry$$0000000D          0x0000049c   Section        8  __rtentry2.o(.ARM.Collect$$rtentry$$0000000D)
    .ARM.Collect$$rtentry$$00002718          0x000004a4   Section        4  __rtentry7.o(.ARM.Collect$$rtentry$$00002718)
    __lit__00000000                          0x000004a4   Data           4  __rtentry7.o(.ARM.Collect$$rtentry$$00002718)
    .ARM.Collect$$rtexit$$00000000           0x000004a8   Section        2  rtexit.o(.ARM.Collect$$rtexit$$00000000)
    .ARM.Collect$$rtexit$$00000002           0x000004aa   Section        0  rtexit2.o(.ARM.Collect$$rtexit$$00000002)
    .ARM.Collect$$rtexit$$00000003           0x000004aa   Section        4  rtexit2.o(.ARM.Collect$$rtexit$$00000003)
    .ARM.Collect$$rtexit$$00000004           0x000004ae   Section        6  rtexit2.o(.ARM.Collect$$rtexit$$00000004)
    .emb_text                                0x000004b4   Section       16  startup_arm_cc.o(.emb_text)
    .emb_text                                0x000004c4   Section       22  wait1.o(.emb_text)
    .text                                    0x000004da   Section      346  aeabi_sdiv.o(.text)
    .text                                    0x00000634   Section        0  exit.o(.text)
    .text                                    0x00000640   Section        0  sys_exit.o(.text)
    .text                                    0x0000064c   Section        2  use_no_semi.o(.text)
    .text                                    0x0000064e   Section        0  indicate_semi.o(.text)
    i.BitIoLdd1_Init                         0x00000650   Section        0  bitioldd1.o(i.BitIoLdd1_Init)
    i.BitIoLdd1_SetVal                       0x0000069c   Section        0  bitioldd1.o(i.BitIoLdd1_SetVal)
    i.Cpu_INT_NMIInterrupt                   0x000006ac   Section        0  cpu.o(i.Cpu_INT_NMIInterrupt)
    i.Cpu_Interrupt                          0x000006b4   Section        0  cpu.o(i.Cpu_Interrupt)
    i.Cpu_OnNMIINT                           0x000006b6   Section        0  events.o(i.Cpu_OnNMIINT)
    i.DA1_Init                               0x000006b8   Section        0  da1.o(i.DA1_Init)
    i.DA1_SetValue                           0x00000720   Section        0  da1.o(i.DA1_SetValue)
    i.PE_low_level_init                      0x00000740   Section        0  cpu.o(i.PE_low_level_init)
    i.TI1InterruptHand                       0x0000080c   Section        0  events.o(i.TI1InterruptHand)
    i.TI1_Enable                             0x00000816   Section        0  ti1.o(i.TI1_Enable)
    i.TI1_Init                               0x00000830   Section        0  ti1.o(i.TI1_Init)
    i.TU1_Enable                             0x00000860   Section        0  tu1.o(i.TU1_Enable)
    i.TU1_Init                               0x00000878   Section        0  tu1.o(i.TU1_Init)
    i.TU1_Interrupt                          0x0000090c   Section        0  tu1.o(i.TU1_Interrupt)
    i.TU1_OnCounterRestart                   0x00000930   Section        0  ti1.o(i.TU1_OnCounterRestart)
    i.WAIT1_Wait10Cycles                     0x00000944   Section        0  wait1.o(i.WAIT1_Wait10Cycles)
    i.WAIT1_WaitCycles                       0x0000094c   Section        0  wait1.o(i.WAIT1_WaitCycles)
    i.WAIT1_WaitLongCycles                   0x00000974   Section        0  wait1.o(i.WAIT1_WaitLongCycles)
    i.WAIT1_Waitms                           0x00000998   Section        0  wait1.o(i.WAIT1_Waitms)
    i.__init_hardware                        0x000009b4   Section        0  cpu.o(i.__init_hardware)
    i.ax25Send                               0x00000a7c   Section        0  ax25.o(i.ax25Send)
    i.ax25TimerInit                          0x00000c3c   Section        0  ax25.o(i.ax25TimerInit)
    i.ax25TimerIntHand                       0x00000c50   Section        0  ax25.o(i.ax25TimerIntHand)
    i.main                                   0x00000cb0   Section        0  main.o(i.main)
    .constdata                               0x00000cfc   Section      512  ax25.o(.constdata)
    .data                                    0x1ffffc00   Section        8  main.o(.data)
    Error                                    0x1ffffc00   Data           2  main.o(.data)
    MyDacPtr                                 0x1ffffc04   Data           4  main.o(.data)
    .data                                    0x1ffffc08   Section        4  bitioldd1.o(.data)
    DeviceDataPrv__DEFAULT_RTOS_ALLOC        0x1ffffc08   Data           4  bitioldd1.o(.data)
    .data                                    0x1ffffc0c   Section        8  da1.o(.data)
    DeviceDataPtr__DEFAULT_RTOS_ALLOC        0x1ffffc0c   Data           8  da1.o(.data)
    .data                                    0x1ffffc14   Section       12  tu1.o(.data)
    DeviceDataPrv__DEFAULT_RTOS_ALLOC        0x1ffffc14   Data           8  tu1.o(.data)
    INT_LPTimer__DEFAULT_RTOS_ISRPARAM       0x1ffffc1c   Data           4  tu1.o(.data)
    .data                                    0x1ffffc20   Section       12  ax25.o(.data)
    .bss                                     0x1ffffc2c   Section       16  pe_ldd.o(.bss)
    .bss                                     0x1ffffc3c   Section       12  ti1.o(.bss)
    DeviceDataPrv__DEFAULT_RTOS_ALLOC        0x1ffffc3c   Data          12  ti1.o(.bss)

    Global Symbols

    Symbol Name                              Value     Ov Type        Size  Object(Section)

    BuildAttributes$$THM_ISAv3M$S$PE$A:L22$X:L11$S22$IEEE1$IW$USESV6$~STKCKD$USESV7$~SHL$OSPACE$ROPI$EBA8$UX$STANDARDLIB$REQ8$PRES8$EABIv2 0x00000000   Number         0  anon$$obj.o ABSOLUTE
    __ARM_use_no_argv                        0x00000000   Number         0  main.o ABSOLUTE
    __vect_table                             0x00000000   Data         192  vectors.o(.vectortable)
    Image$$ZI$$Limit                          - Undefined Weak Reference
    __ARM_exceptions_init                     - Undefined Weak Reference
    __alloca_initialize                       - Undefined Weak Reference
    __arm_preinit_                            - Undefined Weak Reference
    __cpp_initialize__aeabi_                  - Undefined Weak Reference
    __cxa_finalize                            - Undefined Weak Reference
    __rt_locale                               - Undefined Weak Reference
    __sigvec_lookup                           - Undefined Weak Reference
    _atexit_init                              - Undefined Weak Reference
    _call_atexit_fns                          - Undefined Weak Reference
    _clock_init                               - Undefined Weak Reference
    _fp_trap_init                             - Undefined Weak Reference
    _fp_trap_shutdown                         - Undefined Weak Reference
    _get_lc_collate                           - Undefined Weak Reference
    _get_lc_ctype                             - Undefined Weak Reference
    _get_lc_monetary                          - Undefined Weak Reference
    _get_lc_numeric                           - Undefined Weak Reference
    _get_lc_time                              - Undefined Weak Reference
    _getenv_init                              - Undefined Weak Reference
    _handle_redirection                       - Undefined Weak Reference
    _init_alloc                               - Undefined Weak Reference
    _init_user_alloc                          - Undefined Weak Reference
    _initio                                   - Undefined Weak Reference
    _rand_init                                - Undefined Weak Reference
    _signal_finish                            - Undefined Weak Reference
    _signal_init                              - Undefined Weak Reference
    _terminate_alloc                          - Undefined Weak Reference
    _terminate_user_alloc                     - Undefined Weak Reference
    _terminateio                              - Undefined Weak Reference
    _cfm                                     0x00000400   Data          16  cpu.o(.cfmconfig)
    __main                                   0x00000411   Thumb Code     8  __main.o(!!!main)
    __scatterload                            0x00000419   Thumb Code     0  __scatter.o(!!!scatter)
    __scatterload_rt2                        0x00000419   Thumb Code    52  __scatter.o(!!!scatter)
    __scatterload_rt2_thumb_only             0x00000419   Thumb Code     0  __scatter.o(!!!scatter)
    __scatterload_null                       0x00000429   Thumb Code     0  __scatter.o(!!!scatter)
    __scatterload_copy                       0x00000455   Thumb Code    26  __scatter_copy.o(!!handler_copy)
    __scatterload_zeroinit                   0x00000471   Thumb Code    28  __scatter_zi.o(!!handler_zi)
    __rt_lib_init                            0x0000048d   Thumb Code     0  libinit.o(.ARM.Collect$$libinit$$00000000)
    __rt_lib_init_alloca_1                   0x0000048f   Thumb Code     0  libinit2.o(.ARM.Collect$$libinit$$0000002E)
    __rt_lib_init_argv_1                     0x0000048f   Thumb Code     0  libinit2.o(.ARM.Collect$$libinit$$0000002C)
    __rt_lib_init_atexit_1                   0x0000048f   Thumb Code     0  libinit2.o(.ARM.Collect$$libinit$$0000001B)
    __rt_lib_init_clock_1                    0x0000048f   Thumb Code     0  libinit2.o(.ARM.Collect$$libinit$$00000021)
    __rt_lib_init_cpp_1                      0x0000048f   Thumb Code     0  libinit2.o(.ARM.Collect$$libinit$$00000032)
    __rt_lib_init_exceptions_1               0x0000048f   Thumb Code     0  libinit2.o(.ARM.Collect$$libinit$$00000030)
    __rt_lib_init_fp_1                       0x0000048f   Thumb Code     0  libinit2.o(.ARM.Collect$$libinit$$00000002)
    __rt_lib_init_fp_trap_1                  0x0000048f   Thumb Code     0  libinit2.o(.ARM.Collect$$libinit$$0000001F)
    __rt_lib_init_getenv_1                   0x0000048f   Thumb Code     0  libinit2.o(.ARM.Collect$$libinit$$00000023)
    __rt_lib_init_heap_1                     0x0000048f   Thumb Code     0  libinit2.o(.ARM.Collect$$libinit$$0000000A)
    __rt_lib_init_lc_collate_1               0x0000048f   Thumb Code     0  libinit2.o(.ARM.Collect$$libinit$$00000011)
    __rt_lib_init_lc_ctype_1                 0x0000048f   Thumb Code     0  libinit2.o(.ARM.Collect$$libinit$$00000013)
    __rt_lib_init_lc_monetary_1              0x0000048f   Thumb Code     0  libinit2.o(.ARM.Collect$$libinit$$00000015)
    __rt_lib_init_lc_numeric_1               0x0000048f   Thumb Code     0  libinit2.o(.ARM.Collect$$libinit$$00000017)
    __rt_lib_init_lc_time_1                  0x0000048f   Thumb Code     0  libinit2.o(.ARM.Collect$$libinit$$00000019)
    __rt_lib_init_preinit_1                  0x0000048f   Thumb Code     0  libinit2.o(.ARM.Collect$$libinit$$00000004)
    __rt_lib_init_rand_1                     0x0000048f   Thumb Code     0  libinit2.o(.ARM.Collect$$libinit$$0000000E)
    __rt_lib_init_return                     0x0000048f   Thumb Code     0  libinit2.o(.ARM.Collect$$libinit$$00000033)
    __rt_lib_init_signal_1                   0x0000048f   Thumb Code     0  libinit2.o(.ARM.Collect$$libinit$$0000001D)
    __rt_lib_init_stdio_1                    0x0000048f   Thumb Code     0  libinit2.o(.ARM.Collect$$libinit$$00000025)
    __rt_lib_init_user_alloc_1               0x0000048f   Thumb Code     0  libinit2.o(.ARM.Collect$$libinit$$0000000C)
    __rt_lib_shutdown                        0x00000491   Thumb Code     0  libshutdown.o(.ARM.Collect$$libshutdown$$00000000)
    __rt_lib_shutdown_fp_trap_1              0x00000493   Thumb Code     0  libshutdown2.o(.ARM.Collect$$libshutdown$$00000006)
    __rt_lib_shutdown_heap_1                 0x00000493   Thumb Code     0  libshutdown2.o(.ARM.Collect$$libshutdown$$0000000E)
    __rt_lib_shutdown_return                 0x00000493   Thumb Code     0  libshutdown2.o(.ARM.Collect$$libshutdown$$0000000F)
    __rt_lib_shutdown_signal_1               0x00000493   Thumb Code     0  libshutdown2.o(.ARM.Collect$$libshutdown$$00000009)
    __rt_lib_shutdown_stdio_1                0x00000493   Thumb Code     0  libshutdown2.o(.ARM.Collect$$libshutdown$$00000003)
    __rt_lib_shutdown_user_alloc_1           0x00000493   Thumb Code     0  libshutdown2.o(.ARM.Collect$$libshutdown$$0000000B)
    __rt_entry                               0x00000495   Thumb Code     0  __rtentry.o(.ARM.Collect$$rtentry$$00000000)
    __rt_entry_presh_1                       0x00000495   Thumb Code     0  __rtentry2.o(.ARM.Collect$$rtentry$$00000002)
    __rt_entry_sh                            0x00000495   Thumb Code     0  __rtentry7.o(.ARM.Collect$$rtentry$$00000007)
    __rt_entry_li                            0x00000499   Thumb Code     0  __rtentry2.o(.ARM.Collect$$rtentry$$0000000A)
    __rt_entry_postsh_1                      0x00000499   Thumb Code     0  __rtentry2.o(.ARM.Collect$$rtentry$$00000009)
    __rt_entry_main                          0x0000049d   Thumb Code     0  __rtentry2.o(.ARM.Collect$$rtentry$$0000000D)
    __rt_entry_postli_1                      0x0000049d   Thumb Code     0  __rtentry2.o(.ARM.Collect$$rtentry$$0000000C)
    __rt_exit                                0x000004a9   Thumb Code     0  rtexit.o(.ARM.Collect$$rtexit$$00000000)
    __rt_exit_ls                             0x000004ab   Thumb Code     0  rtexit2.o(.ARM.Collect$$rtexit$$00000003)
    __rt_exit_prels_1                        0x000004ab   Thumb Code     0  rtexit2.o(.ARM.Collect$$rtexit$$00000002)
    __rt_exit_exit                           0x000004af   Thumb Code     0  rtexit2.o(.ARM.Collect$$rtexit$$00000004)
    __thumb_startup                          0x000004b5   Thumb Code     8  startup_arm_cc.o(.emb_text)
    WAIT1_Wait100Cycles                      0x000004c5   Thumb Code    22  wait1.o(.emb_text)
    __aeabi_uidiv                            0x000004db   Thumb Code     0  aeabi_sdiv.o(.text)
    __aeabi_uidivmod                         0x000004db   Thumb Code    20  aeabi_sdiv.o(.text)
    __aeabi_idiv                             0x000004ef   Thumb Code     0  aeabi_sdiv.o(.text)
    __aeabi_idivmod                          0x000004ef   Thumb Code   326  aeabi_sdiv.o(.text)
    exit                                     0x00000635   Thumb Code    12  exit.o(.text)
    _sys_exit                                0x00000641   Thumb Code     8  sys_exit.o(.text)
    __I$use$semihosting                      0x0000064d   Thumb Code     0  use_no_semi.o(.text)
    __use_no_semihosting_swi                 0x0000064d   Thumb Code     2  use_no_semi.o(.text)
    __semihosting_library_function           0x0000064f   Thumb Code     0  indicate_semi.o(.text)
    BitIoLdd1_Init                           0x00000651   Thumb Code    56  bitioldd1.o(i.BitIoLdd1_Init)
    BitIoLdd1_SetVal                         0x0000069d   Thumb Code    10  bitioldd1.o(i.BitIoLdd1_SetVal)
    Cpu_INT_NMIInterrupt                     0x000006ad   Thumb Code     8  cpu.o(i.Cpu_INT_NMIInterrupt)
    Cpu_Interrupt                            0x000006b5   Thumb Code     2  cpu.o(i.Cpu_Interrupt)
    Cpu_OnNMIINT                             0x000006b7   Thumb Code     2  events.o(i.Cpu_OnNMIINT)
    DA1_Init                                 0x000006b9   Thumb Code    80  da1.o(i.DA1_Init)
    DA1_SetValue                             0x00000721   Thumb Code    28  da1.o(i.DA1_SetValue)
    PE_low_level_init                        0x00000741   Thumb Code   172  cpu.o(i.PE_low_level_init)
    TI1InterruptHand                         0x0000080d   Thumb Code    10  events.o(i.TI1InterruptHand)
    TI1_Enable                               0x00000817   Thumb Code    26  ti1.o(i.TI1_Enable)
    TI1_Init                                 0x00000831   Thumb Code    40  ti1.o(i.TI1_Init)
    TU1_Enable                               0x00000861   Thumb Code    20  tu1.o(i.TU1_Enable)
    TU1_Init                                 0x00000879   Thumb Code   122  tu1.o(i.TU1_Init)
    TU1_Interrupt                            0x0000090d   Thumb Code    26  tu1.o(i.TU1_Interrupt)
    TU1_OnCounterRestart                     0x00000931   Thumb Code    16  ti1.o(i.TU1_OnCounterRestart)
    WAIT1_Wait10Cycles                       0x00000945   Thumb Code     8  wait1.o(i.WAIT1_Wait10Cycles)
    WAIT1_WaitCycles                         0x0000094d   Thumb Code    38  wait1.o(i.WAIT1_WaitCycles)
    WAIT1_WaitLongCycles                     0x00000975   Thumb Code    30  wait1.o(i.WAIT1_WaitLongCycles)
    WAIT1_Waitms                             0x00000999   Thumb Code    24  wait1.o(i.WAIT1_Waitms)
    __init_hardware                          0x000009b5   Thumb Code   166  cpu.o(i.__init_hardware)
    ax25Send                                 0x00000a7d   Thumb Code   428  ax25.o(i.ax25Send)
    ax25TimerInit                            0x00000c3d   Thumb Code    14  ax25.o(i.ax25TimerInit)
    ax25TimerIntHand                         0x00000c51   Thumb Code    74  ax25.o(i.ax25TimerIntHand)
    main                                     0x00000cb1   Thumb Code    60  main.o(i.main)
    SinusOutputData                          0x00000cfc   Data         512  ax25.o(.constdata)
    Region$$Table$$Base                      0x00000efc   Number         0  anon$$obj.o(Region$$Table)
    Region$$Table$$Limit                     0x00000f1c   Number         0  anon$$obj.o(Region$$Table)
    ax25CurrBit                              0x1ffffc20   Data           1  ax25.o(.data)
    ax25DataPtr                              0x1ffffc24   Data           4  ax25.o(.data)
    ax25ToneDelay                            0x1ffffc28   Data           4  ax25.o(.data)
    PE_LDD_DeviceDataList                    0x1ffffc2c   Data          16  pe_ldd.o(.bss)
    Image$$ARM_LIB_HEAP$$ZI$$Base            0x20000a00   Number         0  anon$$obj.o ABSOLUTE
    Image$$ARM_LIB_HEAP$$ZI$$Limit           0x20000b00   Number         0  anon$$obj.o ABSOLUTE
    Image$$ARM_LIB_STACK$$ZI$$Limit          0x20000c00   Number         0  anon$$obj.o ABSOLUTE



==============================================================================

Memory Map of the image

  Image Entry point : 0x00000411

  Load Region LR_m_text (Base: 0x00000410, Size: 0x00000b38, Max: 0x00007bf0, ABSOLUTE)

    Execution Region ER_m_text (Base: 0x00000410, Size: 0x00000b0c, Max: 0x00007bf0, ABSOLUTE)

    Base Addr    Size         Type   Attr      Idx    E Section Name        Object

    0x00000410   0x00000008   Code   RO          519  * !!!main             c_p.l(__main.o)
    0x00000418   0x0000003c   Code   RO          698    !!!scatter          c_p.l(__scatter.o)
    0x00000454   0x0000001a   Code   RO          700    !!handler_copy      c_p.l(__scatter_copy.o)
    0x0000046e   0x00000002   PAD
    0x00000470   0x0000001c   Code   RO          702    !!handler_zi        c_p.l(__scatter_zi.o)
    0x0000048c   0x00000002   Code   RO          562    .ARM.Collect$$libinit$$00000000  c_p.l(libinit.o)
    0x0000048e   0x00000000   Code   RO          578    .ARM.Collect$$libinit$$00000002  c_p.l(libinit2.o)
    0x0000048e   0x00000000   Code   RO          580    .ARM.Collect$$libinit$$00000004  c_p.l(libinit2.o)
    0x0000048e   0x00000000   Code   RO          583    .ARM.Collect$$libinit$$0000000A  c_p.l(libinit2.o)
    0x0000048e   0x00000000   Code   RO          585    .ARM.Collect$$libinit$$0000000C  c_p.l(libinit2.o)
    0x0000048e   0x00000000   Code   RO          587    .ARM.Collect$$libinit$$0000000E  c_p.l(libinit2.o)
    0x0000048e   0x00000000   Code   RO          590    .ARM.Collect$$libinit$$00000011  c_p.l(libinit2.o)
    0x0000048e   0x00000000   Code   RO          592    .ARM.Collect$$libinit$$00000013  c_p.l(libinit2.o)
    0x0000048e   0x00000000   Code   RO          594    .ARM.Collect$$libinit$$00000015  c_p.l(libinit2.o)
    0x0000048e   0x00000000   Code   RO          596    .ARM.Collect$$libinit$$00000017  c_p.l(libinit2.o)
    0x0000048e   0x00000000   Code   RO          598    .ARM.Collect$$libinit$$00000019  c_p.l(libinit2.o)
    0x0000048e   0x00000000   Code   RO          600    .ARM.Collect$$libinit$$0000001B  c_p.l(libinit2.o)
    0x0000048e   0x00000000   Code   RO          602    .ARM.Collect$$libinit$$0000001D  c_p.l(libinit2.o)
    0x0000048e   0x00000000   Code   RO          604    .ARM.Collect$$libinit$$0000001F  c_p.l(libinit2.o)
    0x0000048e   0x00000000   Code   RO          606    .ARM.Collect$$libinit$$00000021  c_p.l(libinit2.o)
    0x0000048e   0x00000000   Code   RO          608    .ARM.Collect$$libinit$$00000023  c_p.l(libinit2.o)
    0x0000048e   0x00000000   Code   RO          610    .ARM.Collect$$libinit$$00000025  c_p.l(libinit2.o)
    0x0000048e   0x00000000   Code   RO          614    .ARM.Collect$$libinit$$0000002C  c_p.l(libinit2.o)
    0x0000048e   0x00000000   Code   RO          616    .ARM.Collect$$libinit$$0000002E  c_p.l(libinit2.o)
    0x0000048e   0x00000000   Code   RO          618    .ARM.Collect$$libinit$$00000030  c_p.l(libinit2.o)
    0x0000048e   0x00000000   Code   RO          620    .ARM.Collect$$libinit$$00000032  c_p.l(libinit2.o)
    0x0000048e   0x00000002   Code   RO          621    .ARM.Collect$$libinit$$00000033  c_p.l(libinit2.o)
    0x00000490   0x00000002   Code   RO          656    .ARM.Collect$$libshutdown$$00000000  c_p.l(libshutdown.o)
    0x00000492   0x00000000   Code   RO          683    .ARM.Collect$$libshutdown$$00000003  c_p.l(libshutdown2.o)
    0x00000492   0x00000000   Code   RO          686    .ARM.Collect$$libshutdown$$00000006  c_p.l(libshutdown2.o)
    0x00000492   0x00000000   Code   RO          689    .ARM.Collect$$libshutdown$$00000009  c_p.l(libshutdown2.o)
    0x00000492   0x00000000   Code   RO          691    .ARM.Collect$$libshutdown$$0000000B  c_p.l(libshutdown2.o)
    0x00000492   0x00000000   Code   RO          694    .ARM.Collect$$libshutdown$$0000000E  c_p.l(libshutdown2.o)
    0x00000492   0x00000002   Code   RO          695    .ARM.Collect$$libshutdown$$0000000F  c_p.l(libshutdown2.o)
    0x00000494   0x00000000   Code   RO          521    .ARM.Collect$$rtentry$$00000000  c_p.l(__rtentry.o)
    0x00000494   0x00000000   Code   RO          527    .ARM.Collect$$rtentry$$00000002  c_p.l(__rtentry2.o)
    0x00000494   0x00000004   Code   RO          541    .ARM.Collect$$rtentry$$00000007  c_p.l(__rtentry7.o)
    0x00000498   0x00000000   Code   RO          529    .ARM.Collect$$rtentry$$00000009  c_p.l(__rtentry2.o)
    0x00000498   0x00000004   Code   RO          530    .ARM.Collect$$rtentry$$0000000A  c_p.l(__rtentry2.o)
    0x0000049c   0x00000000   Code   RO          532    .ARM.Collect$$rtentry$$0000000C  c_p.l(__rtentry2.o)
    0x0000049c   0x00000008   Code   RO          533    .ARM.Collect$$rtentry$$0000000D  c_p.l(__rtentry2.o)
    0x000004a4   0x00000004   Code   RO          542    .ARM.Collect$$rtentry$$00002718  c_p.l(__rtentry7.o)
    0x000004a8   0x00000002   Code   RO          569    .ARM.Collect$$rtexit$$00000000  c_p.l(rtexit.o)
    0x000004aa   0x00000000   Code   RO          632    .ARM.Collect$$rtexit$$00000002  c_p.l(rtexit2.o)
    0x000004aa   0x00000004   Code   RO          633    .ARM.Collect$$rtexit$$00000003  c_p.l(rtexit2.o)
    0x000004ae   0x00000006   Code   RO          634    .ARM.Collect$$rtexit$$00000004  c_p.l(rtexit2.o)
    0x000004b4   0x00000010   Code   RO          255    .emb_text           startup_arm_cc.o
    0x000004c4   0x00000016   Code   RO          340    .emb_text           wait1.o
    0x000004da   0x0000015a   Code   RO          515    .text               c_p.l(aeabi_sdiv.o)
    0x00000634   0x0000000c   Code   RO          551    .text               c_p.l(exit.o)
    0x00000640   0x0000000c   Code   RO          626    .text               c_p.l(sys_exit.o)
    0x0000064c   0x00000002   Code   RO          628    .text               c_p.l(use_no_semi.o)
    0x0000064e   0x00000000   Code   RO          630    .text               c_p.l(indicate_semi.o)
    0x0000064e   0x00000002   PAD
    0x00000650   0x0000004c   Code   RO          270    i.BitIoLdd1_Init    bitioldd1.o
    0x0000069c   0x00000010   Code   RO          273    i.BitIoLdd1_SetVal  bitioldd1.o
    0x000006ac   0x00000008   Code   RO            6    i.Cpu_INT_NMIInterrupt  cpu.o
    0x000006b4   0x00000002   Code   RO            7    i.Cpu_Interrupt     cpu.o
    0x000006b6   0x00000002   Code   RO          124    i.Cpu_OnNMIINT      events.o
    0x000006b8   0x00000068   Code   RO          374    i.DA1_Init          da1.o
    0x00000720   0x00000020   Code   RO          375    i.DA1_SetValue      da1.o
    0x00000740   0x000000cc   Code   RO            8    i.PE_low_level_init  cpu.o
    0x0000080c   0x0000000a   Code   RO          125    i.TI1InterruptHand  events.o
    0x00000816   0x0000001a   Code   RO          401    i.TI1_Enable        ti1.o
    0x00000830   0x00000030   Code   RO          403    i.TI1_Init          ti1.o
    0x00000860   0x00000018   Code   RO          445    i.TU1_Enable        tu1.o
    0x00000878   0x00000094   Code   RO          446    i.TU1_Init          tu1.o
    0x0000090c   0x00000024   Code   RO          447    i.TU1_Interrupt     tu1.o
    0x00000930   0x00000014   Code   RO          405    i.TU1_OnCounterRestart  ti1.o
    0x00000944   0x00000008   Code   RO          341    i.WAIT1_Wait10Cycles  wait1.o
    0x0000094c   0x00000026   Code   RO          342    i.WAIT1_WaitCycles  wait1.o
    0x00000972   0x00000002   PAD
    0x00000974   0x00000024   Code   RO          343    i.WAIT1_WaitLongCycles  wait1.o
    0x00000998   0x0000001c   Code   RO          344    i.WAIT1_Waitms      wait1.o
    0x000009b4   0x000000c8   Code   RO            9    i.__init_hardware   cpu.o
    0x00000a7c   0x000001c0   Code   RO          482    i.ax25Send          ax25.o
    0x00000c3c   0x00000014   Code   RO          483    i.ax25TimerInit     ax25.o
    0x00000c50   0x00000060   Code   RO          484    i.ax25TimerIntHand  ax25.o
    0x00000cb0   0x0000004c   Code   RO          241    i.main              main.o
    0x00000cfc   0x00000200   Data   RO          485    .constdata          ax25.o
    0x00000efc   0x00000020   Data   RO          696    Region$$Table       anon$$obj.o


    Execution Region RW_m_data (Base: 0x1ffffc00, Size: 0x00000048, Max: 0x00000e00, ABSOLUTE)

    Base Addr    Size         Type   Attr      Idx    E Section Name        Object

    0x1ffffc00   0x00000008   Data   RW          242    .data               main.o
    0x1ffffc08   0x00000004   Data   RW          274    .data               bitioldd1.o
    0x1ffffc0c   0x00000008   Data   RW          376    .data               da1.o
    0x1ffffc14   0x0000000c   Data   RW          449    .data               tu1.o
    0x1ffffc20   0x0000000c   Data   RW          486    .data               ax25.o
    0x1ffffc2c   0x00000010   Zero   RW          192    .bss                pe_ldd.o
    0x1ffffc3c   0x0000000c   Zero   RW          406    .bss                ti1.o


    Execution Region ARM_LIB_HEAP (Base: 0x20000a00, Size: 0x00000100, Max: 0x00000100, ABSOLUTE)

    Base Addr    Size         Type   Attr      Idx    E Section Name        Object

    0x20000a00   0x00000100   Zero   RW            2    ARM_LIB_HEAP.bss    anon$$obj.o


    Execution Region ARM_LIB_STACK (Base: 0x20000b00, Size: 0x00000100, Max: 0x00000100, ABSOLUTE)

    Base Addr    Size         Type   Attr      Idx    E Section Name        Object

    0x20000b00   0x00000100   Zero   RW            1    ARM_LIB_STACK.bss   anon$$obj.o



  Load Region LR_m_interrupts (Base: 0x00000000, Size: 0x000000c0, Max: 0x000000c0, ABSOLUTE)

    Execution Region ER_m_interrupts (Base: 0x00000000, Size: 0x000000c0, Max: 0x000000c0, ABSOLUTE)

    Base Addr    Size         Type   Attr      Idx    E Section Name        Object

    0x00000000   0x000000c0   Data   RO          227    .vectortable        vectors.o



  Load Region LR_FlashConfig (Base: 0x00000400, Size: 0x00000010, Max: 0x00000010, ABSOLUTE)

    Execution Region ER_FlashConfig (Base: 0x00000400, Size: 0x00000010, Max: 0x00000010, ABSOLUTE)

    Base Addr    Size         Type   Attr      Idx    E Section Name        Object

    0x00000400   0x00000010   Data   RO           10    .cfmconfig          cpu.o


==============================================================================

Image component sizes


      Code (inc. data)   RO Data    RW Data    ZI Data      Debug   Object Name

       564         48        512         12          0       2434   ax25.o
        92         26          0          4          0       1600   bitioldd1.o
       414         66         16          0          0      56687   cpu.o
       136         28          0          8          0       1606   da1.o
        12          0          0          0          0      50414   events.o
        76         16          0          8          0        751   main.o
         0          0          0          0         16      51756   pe_ldd.o
        16          8          0          0          0        396   startup_arm_cc.o
        94         12          0          0         12       2347   ti1.o
       208         40          0         12          0       2288   tu1.o
         0          0        192          0          0       2428   vectors.o
       132         10          0          0          0       2298   wait1.o

    ----------------------------------------------------------------------
      1746        254        752         44        540     175005   Object Totals
         0          0         32          0        512          0   (incl. Generated)
         2          0          0          0          0          0   (incl. Padding)

    ----------------------------------------------------------------------

      Code (inc. data)   RO Data    RW Data    ZI Data      Debug   Library Member Name

         8          0          0          0          0         68   __main.o
         0          0          0          0          0          0   __rtentry.o
        12          0          0          0          0          0   __rtentry2.o
         8          4          0          0          0          0   __rtentry7.o
        60          8          0          0          0          0   __scatter.o
        26          0          0          0          0          0   __scatter_copy.o
        28          0          0          0          0          0   __scatter_zi.o
       346          0          0          0          0         92   aeabi_sdiv.o
        12          0          0          0          0         64   exit.o
         0          0          0          0          0          0   indicate_semi.o
         2          0          0          0          0          0   libinit.o
         2          0          0          0          0          0   libinit2.o
         2          0          0          0          0          0   libshutdown.o
         2          0          0          0          0          0   libshutdown2.o
         2          0          0          0          0          0   rtexit.o
        10          0          0          0          0          0   rtexit2.o
        12          4          0          0          0         60   sys_exit.o
         2          0          0          0          0         68   use_no_semi.o

    ----------------------------------------------------------------------
       538         16          0          0          0        352   Library Totals
         4          0          0          0          0          0   (incl. Padding)

    ----------------------------------------------------------------------

      Code (inc. data)   RO Data    RW Data    ZI Data      Debug   Library Name

       534         16          0          0          0        352   c_p.l

    ----------------------------------------------------------------------
       538         16          0          0          0        352   Library Totals

    ----------------------------------------------------------------------

==============================================================================


      Code (inc. data)   RO Data    RW Data    ZI Data      Debug   

      2284        270        752         44        540     174385   Grand Totals
      2284        270        752         44        540     174385   ELF Image Totals
      2284        270        752         44          0          0   ROM Totals

==============================================================================

    Total RO  Size (Code + RO Data)                 3036 (   2.96kB)
    Total RW  Size (RW Data + ZI Data)               584 (   0.57kB)
    Total ROM Size (Code + RO Data + RW Data)       3080 (   3.01kB)

==============================================================================

