<html>
<body>
<pre>
<h1>µVision Build Log</h1>
<h2>Tool Versions:</h2>
IDE-Version: µVision V5.13.0.0
Copyright (C) 2014 ARM Ltd and ARM Germany GmbH. All rights reserved.
License Information: chris culpepper, na, LIC=----
 
Tool Versions:
Toolchain:       MDK-Lite  Version: 5.13.0.0
Toolchain Path:  C:\Keil_v5\ARM\ARMCC\Bin
C Compiler:      Armcc.exe V5.05 update 1 (build 106)
Assembler:       Armasm.exe V5.05 update 1 (build 106)
Linker/Locator:  ArmLink.exe V5.05 update 1 (build 106)
Library Manager: ArmAr.exe V5.05 update 1 (build 106)
Hex Converter:   FromElf.exe V5.05 update 1 (build 106)
CPU DLL:         SARMCM3.DLL V5.13.0.0
Dialog DLL:      DARMCM1.DLL V1.12.0.0
Target DLL:      UL2CM3.DLL V1.154.12.0
Dialog DLL:      TARMCM1.DLL V1.9.0.0
 
<h2>Project:</h2>
C:\Users\chris\workspace\APRSDongle\software\powerRev2\powerRev2.uvprojx
Project File Date:  01/12/2016

<h2>Output:</h2>
Build target 'Target 1'
compiling adc.c...
compiling delay.c...
compiling i2c.c...
i2c.h(19): warning:  #1295-D: Deprecated declaration i2c_init - give arg types
  void i2c_init();
i2c.c: 1 warning, 0 errors
compiling main.c...
compiling uart.c...
uart.h(7): warning:  #1295-D: Deprecated declaration uartInit - give arg types
  void uartInit();
uart.c: 1 warning, 0 errors
assembling startup_MKL03Z4.s...
compiling system_MKL03Z4.c...
linking...
Program Size: Code=936 RO-data=264 RW-data=24 ZI-data=440  
".\Objects\powerRev2.axf" - 0 Error(s), 2 Warning(s).

<h2>Software Packages used:</h2>

Package Vendor: ARM
                http://www.keil.com/pack/ARM.CMSIS.4.2.0.pack
                ARM::CMSIS:CORE:3.40.0
                CMSIS (Cortex Microcontroller Software Interface Standard)
   * Component: CORE Version: 3.40.0

Package Vendor: Keil
                http://www.keil.com/pack/Keil.Kinetis_KLxx_DFP.1.4.0.pack
                Keil::Device:Startup:1.0.0
                Freescale Kinetis KLxx Series Device Support and Examples
   * Component: Startup Version: 1.0.0

<h2>Collection of Component include folders:</h2>
  C:\Users\chris\workspace\APRSDongle\software\powerRev2\RTE
  C:\Users\chris\workspace\APRSDongle\software\powerRev2\RTE\Device\MKL03Z16xxx4
  C:\Keil_v5\ARM\PACK\ARM\CMSIS\4.2.0\CMSIS\Include
  C:\Keil_v5\ARM\PACK\Keil\Kinetis_KLxx_DFP\1.4.0\Device\Include

<h2>Collection of Component Files used:</h2>

   * Component: ARM::CMSIS:CORE:3.40.0
      Source file:   CMSIS\UserCodeTemplates\ARM\ITM_Retarget.c

   * Component: Keil::Device:Startup:1.0.0
      Source file:   Device\Source\ARM\startup_MKL03Z4.s
      Source file:   Device\Source\system_MKL03Z4.c
      Include file:  Device\Source\system_MKL03Z4.h
</pre>
</body>
</html>
